// Jest Snapshot v1, https://goo.gl/fbAQLP

exports[`should render Emoji 1`] = `
<div>
  <span>
    tue apr 28 2020
  </span>
</div>
`;
